verify: gcry_sha1 mpi crypto extcmd
regexp: normal extcmd
bitmap_scale: bitmap
gcry_whirlpool: crypto
gcry_tiger: crypto
eval: normal
macbless: disk
efiemu: cpuid crypto acpi gcry_crc
pci:
usbserial_pl2303: usb usbserial_common serial
part_gpt:
ehci: usb cs5536 pci boot
ntfscomp: ntfs
morse:
blocklist:
nativedisk:
diskfilter:
hfspluscomp: hfsplus gzio
date: normal datetime
priority_queue:
videoinfo: video
crc64: crypto
keylayouts:
testspeed: normal extcmd
romfs: fshelp
hfs:
test_blockarg: normal extcmd
gcry_des: crypto
keystatus: extcmd
chain: relocator video boot
gcry_sha1: crypto
pbkdf2_test: pbkdf2 gcry_sha1 functional_test
mdraid09: diskfilter
affs: fshelp
freedos: relocator video chain boot
cmp:
reiserfs: fshelp
lsapm:
at_keyboard: keylayouts boot
file: offsetio elf macho extcmd
zfsinfo: zfs
true:
configfile: normal
gcry_dsa: verify mpi
udf: fshelp
lspci: pci extcmd
search: search_fs_file search_fs_uuid search_label extcmd
password_pbkdf2: pbkdf2 normal crypto gcry_sha512
acpi: mmap extcmd
bsd: elf cpuid relocator video gcry_md5 serial mmap vbe aout crypto extcmd boot
gcry_idea: crypto
vga_text:
part_plan:
ahci: pci ata boot
btrfs: lzopio gzio
gcry_sha512: crypto
sleep: normal extcmd
xnu: bitmap_scale efiemu relocator video bitmap macho extcmd boot
multiboot2: net relocator video lsapm vbe mmap acpi boot
minix3_be:
http: net
gcry_crc: crypto
minix2:
minix3:
cmosdump:
pxe: net boot
cpio_be: archelp
bfs:
search_fs_file:
gfxmenu: video_colors bitmap_scale gfxterm trig video bitmap font normal
hdparm: extcmd
minix2_be:
ext2: fshelp
newc: archelp
minicmd:
cat: extcmd
ls: normal extcmd
plan9: relocator video extcmd boot
uhci: usb pci
lsacpi: acpi extcmd
gcry_camellia: crypto
gettext:
parttool: normal
raid6rec: diskfilter
ntldr: relocator video chain boot
trig:
cmdline_cat_test: procfs functional_test normal font video_fb
progress: normal
lzopio: crypto
odc: archelp
backtrace:
gcry_twofish: crypto
usb_keyboard: usb keylayouts
video:
videotest: gfxmenu video font
raid5rec: diskfilter
disk:
functional_test: video video_fb extcmd btrfs
part_bsd: part_msdos
font: video bufio
normal: gettext bufio crypto extcmd boot terminal
gzio:
memrw: extcmd
drivemap: mmap extcmd boot
ufs1_be:
legacycfg: password gcry_md5 normal linux crypto
tftp: net priority_queue
exfat:
mmap: boot
vga: video video_fb
part_sun:
gcry_sha256: crypto
iso9660: fshelp
gcry_rsa: verify mpi
video_bochs: pci video video_fb
usbtest: usb
afs:
video_cirrus: pci video video_fb
luks: pbkdf2 cryptodisk crypto
test:
part_dvh:
exfctest: functional_test
xnu_uuid: gcry_md5
part_sunpc:
setjmp:
video_colors:
usb: pci
kernel:
usbserial_usbdebug: usb usbserial_common serial
setjmp_test: functional_test setjmp
pata: pci ata
fshelp:
zfscrypt: pbkdf2 zfs gcry_sha1 crypto gcry_rijndael extcmd
part_amiga:
cpio: archelp
play:
gfxterm: video font
tr: extcmd
lsmmap:
ata: scsi
elf:
hexdump: extcmd
legacy_password_test: functional_test legacycfg
jpeg: bitmap bufio
archelp:
part_acorn:
gcry_seed: crypto
ohci: usb cs5536 pci boot
zfs: gzio
pbkdf2: crypto
truecrypt: relocator video gzio mmap boot
testload:
mdraid1x: diskfilter
cmostest:
datehook: normal datetime
hello: extcmd
usbserial_common: usb serial
procfs:
mpi: crypto
bitmap:
loadenv: disk extcmd
xzio: crypto
minix:
usbserial_ftdi: usb usbserial_common serial
gptsync: disk
cryptodisk: procfs crypto extcmd
probe: extcmd
biosdisk:
vbe: video video_fb
memdisk:
part_dfly:
multiboot: net relocator video lsapm vbe mmap boot
time:
aout:
xnu_uuid_test: functional_test
read:
dm_nv: diskfilter
jfs:
png: bitmap bufio
fat:
extcmd:
gfxterm_menu: procfs functional_test font normal video_fb
halt: acpi extcmd
linux16: relocator video mmap boot
pcidump: pci extcmd
boot:
setpci: pci extcmd
cbtime: cbtable
gcry_arcfour: crypto
videotest_checksum: functional_test font video_fb
squash4: fshelp lzopio xzio gzio
cbls: cbtable
sendkey: extcmd boot
hfsplus: fshelp
minix_be:
signature_test: procfs functional_test
terminfo: extcmd
gcry_cast5: crypto
lvm: diskfilter
cs5536: pci
password: normal crypto
net: priority_queue datetime bufio boot
search_fs_uuid:
gcry_serpent: crypto
offsetio:
loopback: extcmd
cpuid: extcmd
ntfs: fshelp
relocator: mmap
cbfs: archelp
spkmodem: terminfo
echo: extcmd
cbmemc: terminfo normal cbtable
gcry_rfc2268: crypto
tga: bitmap bufio
part_apple:
part_msdos:
mdraid09_be: diskfilter
div_test: functional_test
mda_text:
scsi:
gcry_md4: crypto
gcry_md5: crypto
iorw: extcmd
datetime:
nilfs2: fshelp
serial: terminfo extcmd
linux: relocator video normal mmap vbe boot
msdospart: parttool disk
adler32: crypto
gdb: backtrace serial
reboot: relocator
gcry_rmd160: crypto
ufs1:
ufs2:
help: normal extcmd
sleep_test: functional_test datetime
geli: pbkdf2 cryptodisk gcry_sha256 crypto gcry_sha512
hashsum: normal crypto extcmd
search_label:
macho:
cbtable:
sfs: fshelp
gfxterm_background: video_colors bitmap_scale gfxterm video bitmap extcmd
video_fb:
bufio:
crypto:
usbms: usb scsi
gcry_rijndael: crypto
pxechain: pxe relocator video boot
terminal:
xfs: fshelp
tar: archelp
ldm: part_gpt diskfilter part_msdos
syslinuxcfg: normal extcmd
gcry_blowfish: crypto
all_video: vbe vga video_bochs video_cirrus
